// Jest Snapshot v1, https://goo.gl/fbAQLP

exports[`renders a snapshot 1`] = `
<div
  className="card"
>
  <div
    className="card"
    style={
      Object {
        "width": "20rem",
      }
    }
  >
    <img
      className="card-img-info"
      src="MyPicture.jpeg"
    />
    <div
      className="card-body"
    >
      <div
        className="card-title h5"
      >
        My Profil Picture
      </div>
      <p
        className="card-text"
      >
        VincentS972. This is my GitHub username.
      </p>
    </div>
  </div>
</div>
`;
